Release 12.4 - xst M.81d (nt64)
Copyright (c) 1995-2010 Xilinx, Inc.  All rights reserved.
--> Parameter TMPDIR set to xst/projnav.tmp


Total REAL time to Xst completion: 0.00 secs
Total CPU time to Xst completion: 0.10 secs
 
--> Parameter xsthdpdir set to xst


Total REAL time to Xst completion: 1.00 secs
Total CPU time to Xst completion: 0.11 secs
 
--> Reading design: tb_toplevel.prj

TABLE OF CONTENTS
  1) Synthesis Options Summary
  2) HDL Parsing
  3) HDL Elaboration
  4) HDL Synthesis
       4.1) HDL Synthesis Report
  5) Advanced HDL Synthesis
       5.1) Advanced HDL Synthesis Report
  6) Low Level Synthesis
  7) Partition Report
  8) Design Summary
       8.1) Primitive and Black Box Usage
       8.2) Device utilization summary
       8.3) Partition Resource Summary
       8.4) Timing Report
            8.4.1) Clock Information
            8.4.2) Asynchronous Control Signals Information
            8.4.3) Timing Summary
            8.4.4) Timing Details
            8.4.5) Cross Clock Domains Report


=========================================================================
*                      Synthesis Options Summary                        *
=========================================================================
---- Source Parameters
Input File Name                    : "tb_toplevel.prj"
Input Format                       : mixed
Ignore Synthesis Constraint File   : NO

---- Target Parameters
Output File Name                   : "tb_toplevel"
Output Format                      : NGC
Target Device                      : xc6slx16-2-csg324

---- Source Options
Top Module Name                    : tb_toplevel
Automatic FSM Extraction           : YES
FSM Encoding Algorithm             : Auto
Safe Implementation                : No
FSM Style                          : LUT
RAM Extraction                     : Yes
RAM Style                          : Auto
ROM Extraction                     : Yes
Shift Register Extraction          : YES
ROM Style                          : Auto
Resource Sharing                   : YES
Asynchronous To Synchronous        : NO
Shift Register Minimum Size        : 2
Use DSP Block                      : Auto
Automatic Register Balancing       : No

---- Target Options
LUT Combining                      : Auto
Reduce Control Sets                : Auto
Add IO Buffers                     : YES
Global Maximum Fanout              : 100000
Add Generic Clock Buffer(BUFG)     : 16
Register Duplication               : YES
Optimize Instantiated Primitives   : NO
Use Clock Enable                   : Auto
Use Synchronous Set                : Auto
Use Synchronous Reset              : Auto
Pack IO Registers into IOBs        : Auto
Equivalent register Removal        : YES

---- General Options
Optimization Goal                  : Speed
Optimization Effort                : 1
Power Reduction                    : NO
Keep Hierarchy                     : No
Netlist Hierarchy                  : As_Optimized
RTL Output                         : Yes
Global Optimization                : AllClockNets
Read Cores                         : YES
Write Timing Constraints           : NO
Cross Clock Analysis               : NO
Hierarchy Separator                : /
Bus Delimiter                      : <>
Case Specifier                     : Maintain
Slice Utilization Ratio            : 100
BRAM Utilization Ratio             : 100
DSP48 Utilization Ratio            : 100
Auto BRAM Packing                  : NO
Slice Utilization Ratio Delta      : 5

=========================================================================


=========================================================================
*                          HDL Parsing                                  *
=========================================================================
Parsing VHDL file "\Users\runarbol\Desktop\tdt4255-new\hardware\full_adder.vhd" into library work
Parsing entity <full_adder>.
Parsing architecture <Behavioral> of entity <full_adder>.
Parsing VHDL file "\Users\runarbol\Desktop\tdt4255-new\hardware\mips_constant_pkg.vhd" into library work
Parsing package <MIPS_CONSTANT_PKG>.
Parsing VHDL file "\Users\runarbol\Desktop\tdt4255-new\hardware\alu_1bit.vhd" into library work
Parsing entity <alu_1bit>.
Parsing architecture <Behavioral> of entity <alu_1bit>.
Parsing VHDL file "\Users\runarbol\Desktop\tdt4255-new\hardware\sign_extend.vhd" into library work
Parsing entity <sign_extend>.
Parsing architecture <Behavioral> of entity <sign_extend>.
Parsing VHDL file "\Users\runarbol\Desktop\tdt4255-new\hardware\shiftleft.vhd" into library work
Parsing entity <shiftleft>.
Parsing architecture <Behavioral> of entity <shiftleft>.
Parsing VHDL file "\Users\runarbol\Desktop\tdt4255-new\hardware\register_file.vhd" into library work
Parsing entity <register_file>.
Parsing architecture <Behavioral> of entity <register_file>.
Parsing VHDL file "\Users\runarbol\Desktop\tdt4255-new\hardware\control_unit.vhd" into library work
Parsing entity <control_unit>.
Parsing architecture <Behavioral> of entity <control_unit>.
Parsing VHDL file "\Users\runarbol\Desktop\tdt4255-new\hardware\alu_control.vhd" into library work
Parsing entity <alu_control>.
Parsing architecture <Behavioral> of entity <alu_control>.
Parsing VHDL file "\Users\runarbol\Desktop\tdt4255-new\hardware\alu.vhd" into library work
Parsing entity <alu>.
Parsing architecture <Behavioral> of entity <alu>.
Parsing VHDL file "\Users\runarbol\Desktop\tdt4255-new\hardware\adder.vhd" into library work
Parsing entity <adder>.
Parsing architecture <Behavioral> of entity <adder>.
Parsing VHDL file "\Users\runarbol\Desktop\tdt4255-new\hardware\processor.vhd" into library work
Parsing entity <processor>.
Parsing architecture <Behavioral> of entity <processor>.
Parsing VHDL file "\Users\runarbol\Desktop\tdt4255-new\hardware\memory.vhd" into library work
Parsing entity <memory>.
Parsing architecture <Behavioral> of entity <memory>.
Parsing VHDL file "\Users\runarbol\Desktop\tdt4255-new\hardware\com.vhd" into library work
Parsing entity <com>.
Parsing architecture <Behavioral> of entity <com>.
Parsing VHDL file "\Users\runarbol\Desktop\tdt4255-new\hardware\toplevel.vhd" into library work
Parsing entity <toplevel>.
Parsing architecture <Behavioral> of entity <toplevel>.
Parsing VHDL file "\Users\runarbol\Desktop\tdt4255-new\hardware\tb_toplevel.vhd" into library work
Parsing entity <tb_toplevel>.
Parsing architecture <behavior> of entity <tb_toplevel>.

=========================================================================
*                            HDL Elaboration                            *
=========================================================================

Elaborating entity <tb_toplevel> (architecture <behavior>) from library <work>.
WARNING:HDLCompiler:871 - "\Users\runarbol\Desktop\tdt4255-new\hardware\tb_toplevel.vhd" Line 52: Using initial value '0' for reset since it is never assigned

Elaborating entity <toplevel> (architecture <Behavioral>) with generics from library <work>.

Elaborating entity <com> (architecture <Behavioral>) with generics from library <work>.
INFO:HDLCompiler:679 - "\Users\runarbol\Desktop\tdt4255-new\hardware\com.vhd" Line 231. Case statement is complete. others clause is never selected

Elaborating entity <memory> (architecture <Behavioral>) with generics from library <work>.

Elaborating entity <processor> (architecture <Behavioral>) with generics from library <work>.

Elaborating entity <control_unit> (architecture <Behavioral>) from library <work>.
WARNING:HDLCompiler:92 - "\Users\runarbol\Desktop\tdt4255-new\hardware\processor.vhd" Line 192: ctrl_reset should be on the sensitivity list of the process
WARNING:HDLCompiler:92 - "\Users\runarbol\Desktop\tdt4255-new\hardware\processor.vhd" Line 194: running should be on the sensitivity list of the process

Elaborating entity <adder> (architecture <Behavioral>) with generics from library <work>.

Elaborating entity <full_adder> (architecture <Behavioral>) from library <work>.

Elaborating entity <sign_extend> (architecture <Behavioral>) from library <work>.

Elaborating entity <shiftleft> (architecture <Behavioral>) from library <work>.

Elaborating entity <alu_control> (architecture <Behavioral>) from library <work>.

Elaborating entity <alu> (architecture <Behavioral>) with generics from library <work>.

Elaborating entity <alu_1bit> (architecture <Behavioral>) from library <work>.

Elaborating entity <register_file> (architecture <Behavioral>) from library <work>.
ERROR:HDLCompiler:890 - "\Users\runarbol\Desktop\tdt4255-new\hardware\tb_toplevel.vhd" Line 130: wait statement without UNTIL clause not supported for synthesis
Netlist tb_toplevel(behavior) remains a blackbox, due to errors in its contents
--> 

Total memory usage is 211064 kilobytes

Number of errors   :    1 (   0 filtered)
Number of warnings :    3 (   0 filtered)
Number of infos    :    0 (   0 filtered)

